--- STARTING TESTS FOR SECTION 1 (AUTH) & SECTION 2 (USERS) ---

[1/7] Testing POST /auth/login (Attempting to log in...)
User not found or wrong password. Need to register.

[2/7] Testing POST /auth/register
node : 
At line:1 char:1
+ node 
test_sections.js > 
test_output.txt 2>&1
+ ~~~~~~~~~~~~~~~~~~~~~
~~~~~~~~~~~~~~~~~~~~~~~
    + CategoryInfo     
         : NotSpecifi  
  ed: (:String) [],    
 RemoteException
    + FullyQualifiedEr 
   rorId : NativeComm  
  andError
 
Γ¥î TEST FAILED
Status: 400
Data: {
  status: 'fail',
  message: 'Email 
already in use',
  stack: 'Error: Email 
already in use\n' +
    '    at 
Object.registerUser (C:
\\Users\\USER\\Desktop\
\Ridevendor\\server\\sr
c\\modules\\auth\\auth.
service.js:24:11)\n' +
    '    at process.pro
cessTicksAndRejections 
(node:internal/process/
task_queues:105:5)\n' +
    '    at async C:\\U
sers\\USER\\Desktop\\Ri
devendor\\server\\src\\
modules\\auth\\auth.con
troller.js:38:16'
}
Endpoint: http://localh
ost:5000/api/v1/auth/re
gister
